66.249.69.131 - - [10/Oct/2016:09:49:41 ] "GET /robots.txt HTTP/1.1" 404 162 "-" "Mozilla/5.0 (compatible; Googlebot/2.1; +http://www.google.com/bot.html)"
66.249.69.131 - - [10/Oct/2016:09:49:41 ] "GET / HTTP/1.1" 404 564 "-" "Mozilla/5.0 (Linux; Android 6.0.1; Nexus 5X Build/MMB29P) AppleWebKit/537.36 (KHTML, like Gecko) Chrome/41.0.2272.96 Mobile Safari/537.36 (compatible; Googlebot/2.1; +http://www.google.com/bot.html)"
221.5.35.179 - - [10/Oct/2016:09:49:41 ] "GET /feed HTTP/1.1" 200 128026 "-" "Mozilla/4.0 (compatible; MSIE 7.0; Windows NT 6.1; WOW64; Trident/4.0; SLCC2; .NET CLR 2.0.50727; .NET CLR 3.5.30729; .NET CLR 3.0.30729; Media Center PC 6.0; .NET4.0C; .NET4.0E; Microsoft Outlook 16.0.7070; ms-office; MSOffice 16)"
66.249.69.160 - - [10/Oct/2016:09:49:41 ] "GET /ueditor/php/upload/image/20150414/1429003775169641.jpg HTTP/1.1" 200 1402297 "-" "Googlebot-Image/1.0"
66.249.69.160 - - [10/Oct/2016:09:49:42 ] "GET /date/2015/page/18 HTTP/1.1" 200 11524 "-" "Mozilla/5.0 (compatible; Googlebot/2.1; +http://www.google.com/bot.html)"
68.180.230.167 - - [10/Oct/2016:09:49:42 ] "GET /695 HTTP/1.1" 200 10686 "-" "Mozilla/5.0 (compatible; Yahoo! Slurp; http://help.yahoo.com/help/us/ysearch/slurp)"
221.5.35.179 - - [10/Oct/2016:09:49:42 ] "GET /feed HTTP/1.1" 200 128026 "-" "Mozilla/4.0 (compatible; MSIE 7.0; Windows NT 6.1; WOW64; Trident/4.0; SLCC2; .NET CLR 2.0.50727; .NET CLR 3.5.30729; .NET CLR 3.0.30729; Media Center PC 6.0; .NET4.0C; .NET4.0E; Microsoft Outlook 16.0.7070; ms-office; MSOffice 16)"
115.231.8.168 - - [10/Oct/2016:09:49:42 ] "GET / HTTP/1.1" 200 46005 "-" "Mozilla/4.0 (compatible; MSIE 6.0; Windows NT 5.1)"
66.249.69.160 - - [10/Oct/2016:09:49:42 ] "GET /ueditor/php/upload/image/20150414/1429003957387013.jpg HTTP/1.1" 200 1432556 "-" "Googlebot-Image/1.0"
221.5.35.179 - - [10/Oct/2016:09:49:42 ] "GET /feed HTTP/1.1" 200 128026 "-" "Mozilla/4.0 (compatible; MSIE 7.0; Windows NT 6.1; WOW64; Trident/4.0; SLCC2; .NET CLR 2.0.50727; .NET CLR 3.5.30729; .NET CLR 3.0.30729; Media Center PC 6.0; .NET4.0C; .NET4.0E; Microsoft Outlook 16.0.7070; ms-office; MSOffice 16)"
66.249.69.160 - - [10/Oct/2016:09:49:42 ] "GET /ueditor/php/upload/image/20150414/1429004079114017.jpg HTTP/1.1" 200 310159 "-" "Googlebot-Image/1.0"
40.77.167.66 - - [10/Oct/2016:09:49:42 ] "GET /12742 HTTP/1.1" 200 12976 "-" "Mozilla/5.0 (compatible; bingbot/2.0; +http://www.bing.com/bingbot.htm)"
221.5.35.179 - - [10/Oct/2016:09:49:42 ] "GET /feed HTTP/1.1" 200 128026 "-" "Mozilla/4.0 (compatible; MSIE 7.0; Windows NT 6.1; WOW64; Trident/4.0; SLCC2; .NET CLR 2.0.50727; .NET CLR 3.5.30729; .NET CLR 3.0.30729; Media Center PC 6.0; .NET4.0C; .NET4.0E; Microsoft Outlook 16.0.7070; ms-office; MSOffice 16)"
66.249.69.160 - - [10/Oct/2016:09:49:43 ] "GET /date/2015/page/20 HTTP/1.1" 200 11470 "-" "Mozilla/5.0 (compatible; Googlebot/2.1; +http://www.google.com/bot.html)"
66.249.69.160 - - [10/Oct/2016:09:49:43 ] "GET /ueditor/php/upload/image/20151021/1445438993166630.png HTTP/1.1" 200 239366 "-" "Googlebot-Image/1.0"
221.5.35.179 - - [10/Oct/2016:09:49:43 ] "GET /feed HTTP/1.1" 200 128026 "-" "Mozilla/4.0 (compatible; MSIE 7.0; Windows NT 6.1; WOW64; Trident/4.0; SLCC2; .NET CLR 2.0.50727; .NET CLR 3.5.30729; .NET CLR 3.0.30729; Media Center PC 6.0; .NET4.0C; .NET4.0E; Microsoft Outlook 16.0.7070; ms-office; MSOffice 16)"
123.125.71.98 - - [10/Oct/2016:09:49:43 ] "GET /?s=haprofix HTTP/1.1" 200 9807 "-" "Mozilla/5.0 (compatible; Baiduspider/2.0; +http://www.baidu.com/search/spider.html)"
220.181.108.185 - - [10/Oct/2016:09:49:43 ] "GET /30301/comment-page-1 HTTP/1.1" 200 13709 "-" "Mozilla/5.0 (compatible; Baiduspider/2.0; +http://www.baidu.com/search/spider.html)"
66.249.69.160 - - [10/Oct/2016:09:49:43 ] "GET /ueditor/php/upload/image/20151021/1445438816675671.png HTTP/1.1" 200 157455 "-" "Googlebot-Image/1.0"
123.126.50.97 - - [10/Oct/2016:09:49:43 ] "GET /ueditor/php/upload/image/20160607/1465307340519194.jpg HTTP/1.1" 200 324349 "-" "Mozilla/5.0 (Windows NT 5.1) AppleWebKit/534.30 (KHTML, like Gecko) Chrome/12.0.742.122 Safari/534.30"
36.110.171.111 - - [10/Oct/2016:09:49:43 ] "GET /ueditor/php/upload/image/20160607/1465307340519194.jpg HTTP/1.1" 200 324349 "-" "Mozilla/5.0 (Windows NT 5.1) AppleWebKit/534.30 (KHTML, like Gecko) Chrome/12.0.742.122 Safari/534.30"
36.110.171.111 - - [10/Oct/2016:09:49:43 ] "GET /ueditor/php/upload/image/20160607/1465307340519194.jpg HTTP/1.1" 200 324349 "-" "Mozilla/5.0 (Windows NT 5.1) AppleWebKit/534.30 (KHTML, like Gecko) Chrome/12.0.742.122 Safari/534.30"
221.5.35.179 - - [10/Oct/2016:09:49:44 ] "GET /feed HTTP/1.1" 200 128026 "-" "Mozilla/4.0 (compatible; MSIE 7.0; Windows NT 6.1; WOW64; Trident/4.0; SLCC2; .NET CLR 2.0.50727; .NET CLR 3.5.30729; .NET CLR 3.0.30729; Media Center PC 6.0; .NET4.0C; .NET4.0E; Microsoft Outlook 16.0.7070; ms-office; MSOffice 16)"
157.55.39.141 - - [10/Oct/2016:09:49:44 ] "GET /12117 HTTP/1.1" 200 13585 "-" "Mozilla/5.0 (compatible; bingbot/2.0; +http://www.bing.com/bingbot.htm)"
180.76.15.143 - - [10/Oct/2016:09:49:44 ] "GET /3264 HTTP/1.1" 200 12129 "-" "Mozilla/5.0 (compatible; Baiduspider/2.0; +http://www.baidu.com/search/spider.html)"
221.5.35.179 - - [10/Oct/2016:09:49:44 ] "GET /feed HTTP/1.1" 200 128026 "-" "Mozilla/4.0 (compatible; MSIE 7.0; Windows NT 6.1; WOW64; Trident/4.0; SLCC2; .NET CLR 2.0.50727; .NET CLR 3.5.30729; .NET CLR 3.0.30729; Media Center PC 6.0; .NET4.0C; .NET4.0E; Microsoft Outlook 16.0.7070; ms-office; MSOffice 16)"
208.115.113.92 - - [10/Oct/2016:09:49:44 ] "GET /robots.txt HTTP/1.1" 200 78 "-" "Mozilla/5.0 (compatible; DotBot/1.1; http://www.opensiteexplorer.org/dotbot, help@moz.com)"
66.249.69.160 - - [10/Oct/2016:09:49:44 ] "GET /ueditor/php/upload/image/20151021/1445438847593531.jpg HTTP/1.1" 200 172916 "-" "Googlebot-Image/1.0"
66.249.69.160 - - [10/Oct/2016:09:49:44 ] "GET /485 HTTP/1.1" 200 12012 "-" "Mozilla/5.0 (Linux; Android 6.0.1; Nexus 5X Build/MMB29P) AppleWebKit/537.36 (KHTML, like Gecko) Chrome/41.0.2272.96 Mobile Safari/537.36 (compatible; Googlebot/2.1; +http://www.google.com/bot.html)"
183.233.224.224 - - [10/Oct/2016:09:49:44 ] "GET /6637 HTTP/1.1" 200 31411 "-" "Mozilla/5.0 (Linux; U; Android 4.3; zh-CN; SCH-N719 Build/JSS15J) AppleWebKit/533.1 (KHTML, like Gecko) Version/4.0 UCBrowser/9.9.5.489 U3/0.8.0 Mobile Safari/533.1"
183.233.224.224 - - [10/Oct/2016:09:49:44 ] "GET /wp-content/plugins/ueditor/ueditor/third-party/SyntaxHighlighter/shCore.js HTTP/1.1" 200 163160 "http://www.178linux.com/6637" "Mozilla/5.0 (Linux; U; Android 4.3; zh-CN; SCH-N719 Build/JSS15J) AppleWebKit/533.1 (KHTML, like Gecko) Version/4.0 UCBrowser/9.9.5.489 U3/0.8.0 Mobile Safari/533.1"
183.233.224.224 - - [10/Oct/2016:09:49:45 ] "GET /ueditor/php/upload/image/20150728/1438087809597998.jpg HTTP/1.1" 200 101875 "http://www.178linux.com/6637" "Mozilla/5.0 (Linux; U; Android 4.3; zh-CN; SCH-N719 Build/JSS15J) AppleWebKit/533.1 (KHTML, like Gecko) Version/4.0 UCBrowser/9.9.5.489 U3/0.8.0 Mobile Safari/533.1"
183.233.224.224 - - [10/Oct/2016:09:49:45 ] "GET /ueditor/php/upload/image/20150728/1438087939590503.jpg HTTP/1.1" 200 55805 "http://www.178linux.com/6637" "Mozilla/5.0 (Linux; U; Android 4.3; zh-CN; SCH-N719 Build/JSS15J) AppleWebKit/533.1 (KHTML, like Gecko) Version/4.0 UCBrowser/9.9.5.489 U3/0.8.0 Mobile Safari/533.1"
183.233.224.224 - - [10/Oct/2016:09:49:45 ] "GET /ueditor/php/upload/image/20150728/1438088081158114.jpg HTTP/1.1" 200 138191 "http://www.178linux.com/6637" "Mozilla/5.0 (Linux; U; Android 4.3; zh-CN; SCH-N719 Build/JSS15J) AppleWebKit/533.1 (KHTML, like Gecko) Version/4.0 UCBrowser/9.9.5.489 U3/0.8.0 Mobile Safari/533.1"
183.233.224.224 - - [10/Oct/2016:09:49:45 ] "GET /ueditor/php/upload/image/20150728/1438087989421428.jpg HTTP/1.1" 200 156225 "http://www.178linux.com/6637" "Mozilla/5.0 (Linux; U; Android 4.3; zh-CN; SCH-N719 Build/JSS15J) AppleWebKit/533.1 (KHTML, like Gecko) Version/4.0 UCBrowser/9.9.5.489 U3/0.8.0 Mobile Safari/533.1"
183.233.224.224 - - [10/Oct/2016:09:49:45 ] "GET /ueditor/php/upload/image/20150728/1438088006702067.jpg HTTP/1.1" 200 181753 "http://www.178linux.com/6637" "Mozilla/5.0 (Linux; U; Android 4.3; zh-CN; SCH-N719 Build/JSS15J) AppleWebKit/533.1 (KHTML, like Gecko) Version/4.0 UCBrowser/9.9.5.489 U3/0.8.0 Mobile Safari/533.1"
183.233.224.224 - - [10/Oct/2016:09:49:45 ] "GET /ueditor/php/upload/image/20150728/1438088064479623.jpg HTTP/1.1" 200 94722 "http://www.178linux.com/6637" "Mozilla/5.0 (Linux; U; Android 4.3; zh-CN; SCH-N719 Build/JSS15J) AppleWebKit/533.1 (KHTML, like Gecko) Version/4.0 UCBrowser/9.9.5.489 U3/0.8.0 Mobile Safari/533.1"
183.233.224.224 - - [10/Oct/2016:09:49:45 ] "GET /wp-content/themes/d8-4.0/js/jquery.js?ver=3.0 HTTP/1.1" 200 149456 "http://www.178linux.com/6637" "Mozilla/5.0 (Linux; U; Android 4.3; zh-CN; SCH-N719 Build/JSS15J) AppleWebKit/533.1 (KHTML, like Gecko) Version/4.0 UCBrowser/9.9.5.489 U3/0.8.0 Mobile Safari/533.1"
183.233.224.224 - - [10/Oct/2016:09:49:45 ] "GET /ueditor/php/upload/image/20150728/1438087784294253.jpg HTTP/1.1" 200 303862 "http://www.178linux.com/6637" "Mozilla/5.0 (Linux; U; Android 4.3; zh-CN; SCH-N719 Build/JSS15J) AppleWebKit/533.1 (KHTML, like Gecko) Version/4.0 UCBrowser/9.9.5.489 U3/0.8.0 Mobile Safari/533.1"
183.233.224.224 - - [10/Oct/2016:09:49:45 ] "GET /ueditor/php/upload/image/20150728/1438088103203348.jpg HTTP/1.1" 200 243417 "http://www.178linux.com/6637" "Mozilla/5.0 (Linux; U; Android 4.3; zh-CN; SCH-N719 Build/JSS15J) AppleWebKit/533.1 (KHTML, like Gecko) Version/4.0 UCBrowser/9.9.5.489 U3/0.8.0 Mobile Safari/533.1"
183.233.224.224 - - [10/Oct/2016:09:49:45 ] "GET /ueditor/php/upload/image/20150728/1438087971337819.jpg HTTP/1.1" 200 108153 "http://www.178linux.com/6637" "Mozilla/5.0 (Linux; U; Android 4.3; zh-CN; SCH-N719 Build/JSS15J) AppleWebKit/533.1 (KHTML, like Gecko) Version/4.0 UCBrowser/9.9.5.489 U3/0.8.0 Mobile Safari/533.1"
183.233.224.224 - - [10/Oct/2016:09:49:46 ] "GET /6644 HTTP/1.1" 499 0 "http://www.178linux.com/6637" "-"
183.233.224.224 - - [10/Oct/2016:09:49:46 ] "GET /ueditor/php/upload/image/20150728/1438088026332739.jpg HTTP/1.1" 200 207011 "http://www.178linux.com/6637" "Mozilla/5.0 (Linux; U; Android 4.3; zh-CN; SCH-N719 Build/JSS15J) AppleWebKit/533.1 (KHTML, like Gecko) Version/4.0 UCBrowser/9.9.5.489 U3/0.8.0 Mobile Safari/533.1"
183.233.224.224 - - [10/Oct/2016:09:49:46 ] "GET /ueditor/php/upload/image/20150728/1438088046260191.jpg HTTP/1.1" 200 274171 "http://www.178linux.com/6637" "Mozilla/5.0 (Linux; U; Android 4.3; zh-CN; SCH-N719 Build/JSS15J) AppleWebKit/533.1 (KHTML, like Gecko) Version/4.0 UCBrowser/9.9.5.489 U3/0.8.0 Mobile Safari/533.1"
151.80.31.170 - - [10/Oct/2016:09:49:46 ] "GET /3038 HTTP/1.1" 200 22789 "-" "Mozilla/5.0 (compatible; AhrefsBot/5.1; +http://ahrefs.com/robot/)"
221.5.35.179 - - [10/Oct/2016:09:49:46 ] "GET /feed HTTP/1.1" 200 128026 "-" "Mozilla/4.0 (compatible; MSIE 7.0; Windows NT 6.1; WOW64; Trident/4.0; SLCC2; .NET CLR 2.0.50727; .NET CLR 3.5.30729; .NET CLR 3.0.30729; Media Center PC 6.0; .NET4.0C; .NET4.0E; Microsoft Outlook 16.0.7070; ms-office; MSOffice 16)"
66.249.69.160 - - [10/Oct/2016:09:49:46 ] "GET /ueditor/php/upload/image/20151021/1445438964374283.png HTTP/1.1" 200 248441 "-" "Googlebot-Image/1.0"
164.132.161.52 - - [10/Oct/2016:09:49:46 ] "GET /10330 HTTP/1.1" 200 15991 "-" "Mozilla/5.0 (compatible; AhrefsBot/5.1; +http://ahrefs.com/robot/)"
103.37.163.252 - - [10/Oct/2016:09:49:46 ] "GET /feed HTTP/1.1" 200 128026 "-" "Mozilla/5.0 (Ubuntu; X11; Linux x86_64; rv:8.0) Gecko/20100101 Firefox/8.0"
221.5.35.179 - - [10/Oct/2016:09:49:46 ] "GET /feed HTTP/1.1" 200 128026 "-" "Mozilla/4.0 (compatible; MSIE 7.0; Windows NT 6.1; WOW64; Trident/4.0; SLCC2; .NET CLR 2.0.50727; .NET CLR 3.5.30729; .NET CLR 3.0.30729; Media Center PC 6.0; .NET4.0C; .NET4.0E; Microsoft Outlook 16.0.7070; ms-office; MSOffice 16)"
123.57.218.140 - - [10/Oct/2016:09:49:47 ] "POST /wp-cron.php?doing_wp_cron=1470770934.7855970859527587890625 HTTP/1.0" 200 20 "-" "WordPress/4.4.2; http://www.178linux.com"
66.249.69.160 - - [10/Oct/2016:09:49:47 ] "GET /date/2015/page/24 HTTP/1.1" 200 11693 "-" "Mozilla/5.0 (compatible; Googlebot/2.1; +http://www.google.com/bot.html)"
66.249.69.160 - - [10/Oct/2016:09:49:47 ] "GET /ueditor/php/upload/image/20151021/1445438704574952.jpg HTTP/1.1" 200 175926 "-" "Googlebot-Image/1.0"
219.136.95.223 - - [10/Oct/2016:09:49:47 ] "GET /ueditor/php/upload/image/20151021/1445438887642133.png HTTP/1.1" 200 167755 "http://www.mamicode.com/info-detail-1096627.html" "Mozilla/4.0 (compatible; MSIE 8.0; Windows NT 5.1; Trident/4.0; .NET CLR 2.0.50727; .NET CLR 3.0.4506.2152; .NET CLR 3.5.30729)"
219.136.95.223 - - [10/Oct/2016:09:49:47 ] "GET /ueditor/php/upload/image/20151021/1445439019795494.png HTTP/1.1" 200 134177 "http://www.mamicode.com/info-detail-1096627.html" "Mozilla/4.0 (compatible; MSIE 8.0; Windows NT 5.1; Trident/4.0; .NET CLR 2.0.50727; .NET CLR 3.0.4506.2152; .NET CLR 3.5.30729)"
219.136.75.236 - - [10/Oct/2016:09:49:47 ] "GET /ueditor/php/upload/image/20151021/1445438736443118.jpg HTTP/1.1" 200 250847 "http://www.mamicode.com/info-detail-1096627.html" "Mozilla/4.0 (compatible; MSIE 8.0; Windows NT 5.1; Trident/4.0; .NET CLR 2.0.50727; .NET CLR 3.0.4506.2152; .NET CLR 3.5.30729)"
219.136.75.236 - - [10/Oct/2016:09:49:47 ] "GET /ueditor/php/upload/image/20151021/1445438993166630.png HTTP/1.1" 200 239366 "http://www.mamicode.com/info-detail-1096627.html" "Mozilla/4.0 (compatible; MSIE 8.0; Windows NT 5.1; Trident/4.0; .NET CLR 2.0.50727; .NET CLR 3.0.4506.2152; .NET CLR 3.5.30729)"
221.5.35.179 - - [10/Oct/2016:09:49:47 ] "GET /feed HTTP/1.1" 200 128026 "-" "Mozilla/4.0 (compatible; MSIE 7.0; Windows NT 6.1; WOW64; Trident/4.0; SLCC2; .NET CLR 2.0.50727; .NET CLR 3.5.30729; .NET CLR 3.0.30729; Media Center PC 6.0; .NET4.0C; .NET4.0E; Microsoft Outlook 16.0.7070; ms-office; MSOffice 16)"
219.136.95.223 - - [10/Oct/2016:09:49:47 ] "GET /ueditor/php/upload/image/20151021/1445439080343052.png HTTP/1.1" 200 75141 "http://www.mamicode.com/info-detail-1096627.html" "Mozilla/4.0 (compatible; MSIE 8.0; Windows NT 5.1; Trident/4.0; .NET CLR 2.0.50727; .NET CLR 3.0.4506.2152; .NET CLR 3.5.30729)"
219.136.75.236 - - [10/Oct/2016:09:49:48 ] "GET /ueditor/php/upload/image/20151021/1445439102723304.png HTTP/1.1" 200 164269 "http://www.mamicode.com/info-detail-1096627.html" "Mozilla/4.0 (compatible; MSIE 8.0; Windows NT 5.1; Trident/4.0; .NET CLR 2.0.50727; .NET CLR 3.0.4506.2152; .NET CLR 3.5.30729)"
219.136.95.223 - - [10/Oct/2016:09:49:48 ] "GET /ueditor/php/upload/image/20151021/1445438912363118.png HTTP/1.1" 200 171728 "http://www.mamicode.com/info-detail-1096627.html" "Mozilla/4.0 (compatible; MSIE 8.0; Windows NT 5.1; Trident/4.0; .NET CLR 2.0.50727; .NET CLR 3.0.4506.2152; .NET CLR 3.5.30729)"
219.136.95.223 - - [10/Oct/2016:09:49:48 ] "GET /ueditor/php/upload/image/20151021/1445438816675671.png HTTP/1.1" 200 157455 "http://www.mamicode.com/info-detail-1096627.html" "Mozilla/4.0 (compatible; MSIE 8.0; Windows NT 5.1; Trident/4.0; .NET CLR 2.0.50727; .NET CLR 3.0.4506.2152; .NET CLR 3.5.30729)"
219.136.95.223 - - [10/Oct/2016:09:49:48 ] "GET /ueditor/php/upload/image/20151021/1445439171987291.png HTTP/1.1" 200 153970 "http://www.mamicode.com/info-detail-1096627.html" "Mozilla/4.0 (compatible; MSIE 8.0; Windows NT 5.1; Trident/4.0; .NET CLR 2.0.50727; .NET CLR 3.0.4506.2152; .NET CLR 3.5.30729)"
219.136.75.236 - - [10/Oct/2016:09:49:48 ] "GET /ueditor/php/upload/image/20151021/1445438964374283.png HTTP/1.1" 200 248441 "http://www.mamicode.com/info-detail-1096627.html" "Mozilla/4.0 (compatible; MSIE 8.0; Windows NT 5.1; Trident/4.0; .NET CLR 2.0.50727; .NET CLR 3.0.4506.2152; .NET CLR 3.5.30729)"
219.136.75.236 - - [10/Oct/2016:09:49:48 ] "GET /ueditor/php/upload/image/20151021/1445438847593531.jpg HTTP/1.1" 200 172916 "http://www.mamicode.com/info-detail-1096627.html" "Mozilla/4.0 (compatible; MSIE 8.0; Windows NT 5.1; Trident/4.0; .NET CLR 2.0.50727; .NET CLR 3.0.4506.2152; .NET CLR 3.5.30729)"
219.136.75.236 - - [10/Oct/2016:09:49:48 ] "GET /ueditor/php/upload/image/20151021/1445439127111878.png HTTP/1.1" 200 159036 "http://www.mamicode.com/info-detail-1096627.html" "Mozilla/4.0 (compatible; MSIE 8.0; Windows NT 5.1; Trident/4.0; .NET CLR 2.0.50727; .NET CLR 3.0.4506.2152; .NET CLR 3.5.30729)"
219.136.95.223 - - [10/Oct/2016:09:49:48 ] "GET /ueditor/php/upload/image/20151021/1445439326104919.png HTTP/1.1" 200 205331 "http://www.mamicode.com/info-detail-1096627.html" "Mozilla/4.0 (compatible; MSIE 8.0; Windows NT 5.1; Trident/4.0; .NET CLR 2.0.50727; .NET CLR 3.0.4506.2152; .NET CLR 3.5.30729)"
